Unity Editor version:    2023.2.20f1 (0e25a174756c)
Branch:                  2023.2/staging
Build type:              Release
Batch mode:              YES
macOS version:           Version 14.3.1 (Build 23D60)
Darwin version:          23.3.0
Architecture:            arm64
Running under Rosetta:   NO
Available memory:        32768 MB
[Licensing::Module] Trying to connect to existing licensing client channel...
[Licensing::IpcConnector] Successfully connected to the License Client on channel: "LicenseClient-laurensart" at "2025-05-23T12:10:14.703389Z"
[Licensing::Client] Error: Code 10 while verifying Licensing Client signature (process Id: 1735, path: "/Applications/Unity Hub.app/Contents/Frameworks/UnityLicensingClient_V1.app/Contents/MacOS/Unity.Licensing.Client")
[Licensing::Module] Error: LicensingClient has failed validation; ignoring
[Licensing::Client] Handshaking with LicensingClient:
  Version:                 1.17.0+aa6cfba
  Session Id:              7c19ad3d75954a8eb6b215cc56fac04e
  Correlation Id:          962b4cc1dd2994be94eea0e3b141aedd
  External correlation Id: 6710321286525042699
  Machine Id:              i+EsiyelR1eysCG4hAJ1rEiNAbA=
[Licensing::Module] Successfully connected to LicensingClient on channel: "LicenseClient-laurensart" (connect: 0.00s, validation: 0.01s, handshake: 0.25s)
[Licensing::IpcConnector] Successfully connected to the License Notification on channel: "LicenseClient-laurensart-notifications" at "2025-05-23T12:10:14.964042Z"
[Licensing::Module] Error: Access token is unavailable; failed to update
[Licensing::Client] Successfully updated license
[Licensing::Client] Successfully resolved entitlements
[Licensing::Module] Serial number assigned to: "F4-BG5Z-DKDZ-KDBP-6XP9-XXXX"
Pro License: NO
2025-05-23 19:10:16.803 Unity[8454:151907] WARNING: Secure coding is not enabled for restorable state! Enable secure coding by implementing NSApplicationDelegate.applicationSupportsSecureRestorableState: and returning YES.
Launching external process: /Applications/Unity/Hub/Editor/2023.2.20f1/Unity.app/Contents/Resources/PackageManager/Server/UnityPackageManager

COMMAND LINE ARGUMENTS:
/Applications/Unity/Hub/Editor/2023.2.20f1/Unity.app/Contents/MacOS/Unity
-batchmode
-quit
-projectPath
.
-executeMethod
UnityEditor.CompilePlayerScripts
-logFile
../compile.log
Successfully changed project path to: /Users/laurensart/Desktop/TENDOR-climbing/TENDOR-climbing
/Users/laurensart/Desktop/TENDOR-climbing/TENDOR-climbing
It looks like another Unity instance is running with this project open.

Multiple Unity instances cannot open the same project.

Project: /Users/laurensart/Desktop/TENDOR-climbing/TENDOR-climbing
Fatal Error! It looks like another Unity instance is running with this project open.

Multiple Unity instances cannot open the same project.

Project: /Users/laurensart/Desktop/TENDOR-climbing/TENDOR-climbing
[Package Manager] Server process was shutdown
